---
source: tests/approval/sqlite.rs
expression: info
---
{
  "protocolVersion": "2025-11-25",
  "capabilities": {
    "tools": {}
  },
  "serverInfo": {
    "name": "dbmcp",
    "title": "Database MCP Server",
    "version": "[version]",
    "description": "Database MCP Server for SQLite",
    "websiteUrl": "https://dbmcp.haymon.ai"
  },
  "instructions": "## Workflow\n\n1. Call `listTables` to discover tables in the connected database. Pass `search` to filter by name (case-insensitive substring). Pass `detailed: true` to get columns, constraints, indexes, and triggers in the same call — this supersedes the legacy `getTableSchema` workflow.\n2. Call `listViews` to discover views in the connected database.\n3. Call `listTriggers` to discover triggers in the connected database.\n4. Use `readQuery` for read-only SQL (SELECT).\n5. Use `writeQuery` for data changes (INSERT, UPDATE, DELETE, CREATE, ALTER, DROP).\n6. Use `explainQuery` to analyze query execution plans and diagnose slow queries.\n7. Use `dropTable` to remove a table from the database.\n\n## Constraints\n\n- The `writeQuery` and `dropTable` tools are hidden when read-only mode is active.\n- Multi-statement queries are not supported. Send one statement per request."
}
