---
source: tests/approval/mysql.rs
expression: info
---
{
  "protocolVersion": "2025-06-18",
  "capabilities": {
    "tools": {}
  },
  "serverInfo": {
    "name": "database-mcp-server",
    "version": "[version]"
  },
  "instructions": "Database MCP Server - provides database exploration and query tools for MySQL and MariaDB"
}
