---
source: tests/approval/sqlite.rs
assertion_line: 46
expression: tools
---
[
  {
    "name": "explain_query",
    "description": "Return the execution plan for a SQL query to diagnose performance. Use this tool instead of running EXPLAIN directly through read_query — it provides structured output via EXPLAIN QUERY PLAN.\n\n<usecase>\nUse when:\n- A query runs slowly and you need to understand why\n- Understanding how SQLite will scan tables and use indexes\n- Deciding whether to add an index\n</usecase>\n\n<when_not_to_use>\n- Running actual queries → use read_query or write_query\n- Checking table structure → use get_table_schema\n</when_not_to_use>\n\n<examples>\n✓ \"Why is my SELECT on orders slow?\" → explain_query(query=\"SELECT ...\")\n✓ \"How will SQLite execute this join?\" → explain_query\n✗ \"Run this SELECT\" → use read_query\n</examples>\n\n<what_it_returns>\nA JSON array of EXPLAIN QUERY PLAN rows showing how SQLite will scan tables, use indexes, and order operations.\n</what_it_returns>",
    "inputSchema": {
      "$schema": "https://json-schema.org/draft/2020-12/schema",
      "description": "Request for the `explain_query` tool.",
      "properties": {
        "query": {
          "description": "The SQL query to explain.",
          "type": "string"
        }
      },
      "required": [
        "query"
      ],
      "title": "ExplainQueryRequest",
      "type": "object"
    },
    "outputSchema": {
      "$schema": "https://json-schema.org/draft/2020-12/schema",
      "description": "Response for the `read_query`, `write_query`, and `explain_query` tools.",
      "properties": {
        "rows": {
          "description": "Result rows, each a JSON object keyed by a column name."
        }
      },
      "required": [
        "rows"
      ],
      "title": "QueryResponse",
      "type": "object"
    },
    "annotations": {
      "readOnlyHint": true,
      "destructiveHint": false,
      "idempotentHint": true,
      "openWorldHint": true
    }
  },
  {
    "name": "get_table_schema",
    "description": "Get column definitions and foreign key relationships for a table. Requires `table_name` — call `list_tables` first.\n\n<usecase>\nALWAYS call this before writing queries to understand:\n- Column names and data types\n- Which columns are nullable, primary keys, or have defaults\n- Foreign key relationships for writing JOINs\n</usecase>\n\n<examples>\n✓ \"What columns does the orders table have?\" → get_table_schema(table_name=\"orders\")\n✓ Before writing a SELECT → get_table_schema first to confirm column names\n✓ \"How are users and orders related?\" → check foreign keys in both tables\n</examples>\n\n<what_it_returns>\nA JSON object with table_name and columns keyed by column name, each containing type, nullable, key, default, and foreign_key info.\n</what_it_returns>",
    "inputSchema": {
      "$schema": "https://json-schema.org/draft/2020-12/schema",
      "description": "Request for the `get_table_schema` tool.",
      "properties": {
        "table_name": {
          "description": "The table name to inspect. Use `list_tables` first to see available tables.",
          "type": "string"
        }
      },
      "required": [
        "table_name"
      ],
      "title": "GetTableSchemaRequest",
      "type": "object"
    },
    "outputSchema": {
      "$schema": "https://json-schema.org/draft/2020-12/schema",
      "description": "Response for the `get_table_schema` tool.",
      "properties": {
        "columns": {
          "description": "Column definitions keyed by column name."
        },
        "table_name": {
          "description": "Name of the inspected table.",
          "type": "string"
        }
      },
      "required": [
        "table_name",
        "columns"
      ],
      "title": "TableSchemaResponse",
      "type": "object"
    },
    "annotations": {
      "readOnlyHint": true,
      "destructiveHint": false,
      "idempotentHint": true,
      "openWorldHint": false
    }
  },
  {
    "name": "list_tables",
    "description": "List all tables in the connected SQLite database. Use this tool to discover what tables are available before using other tools.\n\n<usecase>\nALWAYS call this tool FIRST when:\n- You need to explore what tables exist in the database\n- You need a table name for get_table_schema or query tools\n- The user asks what data is available\n</usecase>\n\n<examples>\n✓ \"What tables are in this database?\"\n✓ \"Does a users table exist?\" → list_tables to check\n✗ \"Show me the columns of users\" → use get_table_schema instead\n</examples>\n\n<what_it_returns>\nA sorted JSON array of table name strings.\n</what_it_returns>",
    "inputSchema": {
      "properties": {},
      "type": "object"
    },
    "outputSchema": {
      "$schema": "https://json-schema.org/draft/2020-12/schema",
      "description": "Response for the `list_tables` tool.",
      "properties": {
        "tables": {
          "description": "Sorted list of table names.",
          "items": {
            "type": "string"
          },
          "type": "array"
        }
      },
      "required": [
        "tables"
      ],
      "title": "ListTablesResponse",
      "type": "object"
    },
    "annotations": {
      "readOnlyHint": true,
      "destructiveHint": false,
      "idempotentHint": true,
      "openWorldHint": false
    }
  },
  {
    "name": "read_query",
    "description": "Execute a read-only SQL query. Allowed statements: SELECT.\n\n<usecase>\nUse when:\n- Querying data from tables (SELECT with WHERE, JOIN, GROUP BY, etc.)\n- Aggregations: COUNT, SUM, AVG, GROUP BY, HAVING\n- Checking data existence or counts\n</usecase>\n\n<when_not_to_use>\n- Data changes (INSERT, UPDATE, DELETE) → use write_query\n- Query performance analysis → use explain_query\n- Discovering tables or columns → use list_tables or get_table_schema\n</when_not_to_use>\n\n<examples>\n✓ \"SELECT * FROM users WHERE status = 'active'\"\n✓ \"SELECT COUNT(*) FROM orders GROUP BY region\"\n✗ \"INSERT INTO users ...\" → use write_query\n✗ \"EXPLAIN SELECT ...\" → use explain_query for structured analysis\n</examples>\n\n<what_it_returns>\nA JSON array of row objects, each keyed by column name.\n</what_it_returns>",
    "inputSchema": {
      "$schema": "https://json-schema.org/draft/2020-12/schema",
      "description": "Request for the `read_query` and `write_query` tools.",
      "properties": {
        "query": {
          "description": "The SQL query to execute.",
          "type": "string"
        }
      },
      "required": [
        "query"
      ],
      "title": "QueryRequest",
      "type": "object"
    },
    "outputSchema": {
      "$schema": "https://json-schema.org/draft/2020-12/schema",
      "description": "Response for the `read_query`, `write_query`, and `explain_query` tools.",
      "properties": {
        "rows": {
          "description": "Result rows, each a JSON object keyed by a column name."
        }
      },
      "required": [
        "rows"
      ],
      "title": "QueryResponse",
      "type": "object"
    },
    "annotations": {
      "readOnlyHint": true,
      "destructiveHint": false,
      "idempotentHint": true,
      "openWorldHint": true
    }
  }
]
