---
source: tests/approval/mysql.rs
assertion_line: 41
expression: tools
---
[
  {
    "name": "create_database",
    "description": "Create a new database.",
    "inputSchema": {
      "$schema": "https://json-schema.org/draft/2020-12/schema",
      "description": "Request to create a database.",
      "properties": {
        "database_name": {
          "description": "Name of the database to create. Must contain only alphanumeric characters and underscores.",
          "type": "string"
        }
      },
      "required": [
        "database_name"
      ],
      "title": "CreateDatabaseRequest",
      "type": "object"
    },
    "annotations": {
      "readOnlyHint": false,
      "destructiveHint": false,
      "idempotentHint": false,
      "openWorldHint": false
    }
  },
  {
    "name": "drop_database",
    "description": "Drop an existing database. Cannot drop the currently connected database.",
    "inputSchema": {
      "$schema": "https://json-schema.org/draft/2020-12/schema",
      "description": "Request to drop a database.",
      "properties": {
        "database_name": {
          "description": "Name of the database to drop. Must contain only alphanumeric characters and underscores.",
          "type": "string"
        }
      },
      "required": [
        "database_name"
      ],
      "title": "DropDatabaseRequest",
      "type": "object"
    },
    "annotations": {
      "readOnlyHint": false,
      "destructiveHint": true,
      "idempotentHint": false,
      "openWorldHint": false
    }
  },
  {
    "name": "drop_table",
    "description": "Drop a table from a database.",
    "inputSchema": {
      "$schema": "https://json-schema.org/draft/2020-12/schema",
      "description": "Request to drop a table.",
      "properties": {
        "database_name": {
          "description": "The database containing the table. Required. Use `list_databases` first to see available databases.",
          "type": "string"
        },
        "table_name": {
          "description": "Name of the table to drop. Must contain only alphanumeric characters and underscores.",
          "type": "string"
        }
      },
      "required": [
        "database_name",
        "table_name"
      ],
      "title": "DropTableRequest",
      "type": "object"
    },
    "annotations": {
      "readOnlyHint": false,
      "destructiveHint": true,
      "idempotentHint": false,
      "openWorldHint": false
    }
  },
  {
    "name": "explain_query",
    "description": "Return the execution plan for a SQL query.",
    "inputSchema": {
      "$schema": "https://json-schema.org/draft/2020-12/schema",
      "description": "Request to explain a query's execution plan.",
      "properties": {
        "analyze": {
          "default": false,
          "description": "If true, use EXPLAIN ANALYZE for actual execution statistics. In read-only mode, only allowed for read-only statements. Defaults to false.",
          "type": "boolean"
        },
        "database_name": {
          "description": "The database to explain against. Required. Use `list_databases` first to see available databases.",
          "type": "string"
        },
        "query": {
          "description": "The SQL query to explain.",
          "type": "string"
        }
      },
      "required": [
        "database_name",
        "query"
      ],
      "title": "ExplainQueryRequest",
      "type": "object"
    },
    "annotations": {
      "readOnlyHint": true,
      "destructiveHint": false,
      "idempotentHint": true,
      "openWorldHint": true
    }
  },
  {
    "name": "get_table_schema",
    "description": "Get column definitions (type, nullable, key, default) and foreign key\nrelationships for a table. Requires `database_name` and `table_name`.",
    "inputSchema": {
      "$schema": "https://json-schema.org/draft/2020-12/schema",
      "description": "Request to get a table's schema.",
      "properties": {
        "database_name": {
          "description": "The database name containing the table. Required. Use `list_databases` first to see available databases.",
          "type": "string"
        },
        "table_name": {
          "description": "The table name to inspect. Use `list_tables` first to see available tables in the database.",
          "type": "string"
        }
      },
      "required": [
        "database_name",
        "table_name"
      ],
      "title": "GetTableSchemaRequest",
      "type": "object"
    },
    "annotations": {
      "readOnlyHint": true,
      "destructiveHint": false,
      "idempotentHint": true,
      "openWorldHint": false
    }
  },
  {
    "name": "list_databases",
    "description": "List all accessible databases on the connected database server.\nCall this first to discover available database names.",
    "inputSchema": {
      "properties": {},
      "type": "object"
    },
    "annotations": {
      "readOnlyHint": true,
      "destructiveHint": false,
      "idempotentHint": true,
      "openWorldHint": false
    }
  },
  {
    "name": "list_tables",
    "description": "List all tables in a specific database.\nRequires `database_name` from `list_databases`.",
    "inputSchema": {
      "$schema": "https://json-schema.org/draft/2020-12/schema",
      "description": "Request to list tables in a database.",
      "properties": {
        "database_name": {
          "description": "The database name to list tables from. Required. Use `list_databases` first to see available databases.",
          "type": "string"
        }
      },
      "required": [
        "database_name"
      ],
      "title": "ListTablesRequest",
      "type": "object"
    },
    "annotations": {
      "readOnlyHint": true,
      "destructiveHint": false,
      "idempotentHint": true,
      "openWorldHint": false
    }
  },
  {
    "name": "read_query",
    "description": "Execute a read-only SQL query (SELECT, SHOW, DESCRIBE, USE, EXPLAIN).",
    "inputSchema": {
      "$schema": "https://json-schema.org/draft/2020-12/schema",
      "description": "Request for `read_query` and `write_query` tools.",
      "properties": {
        "database_name": {
          "description": "The database to run the query against. Required. Use `list_databases` first to see available databases.",
          "type": "string"
        },
        "query": {
          "description": "The SQL query to execute.",
          "type": "string"
        }
      },
      "required": [
        "query",
        "database_name"
      ],
      "title": "QueryRequest",
      "type": "object"
    },
    "annotations": {
      "readOnlyHint": true,
      "destructiveHint": false,
      "idempotentHint": true,
      "openWorldHint": true
    }
  },
  {
    "name": "write_query",
    "description": "Execute a write SQL query (INSERT, UPDATE, DELETE, CREATE, ALTER, DROP).",
    "inputSchema": {
      "$schema": "https://json-schema.org/draft/2020-12/schema",
      "description": "Request for `read_query` and `write_query` tools.",
      "properties": {
        "database_name": {
          "description": "The database to run the query against. Required. Use `list_databases` first to see available databases.",
          "type": "string"
        },
        "query": {
          "description": "The SQL query to execute.",
          "type": "string"
        }
      },
      "required": [
        "query",
        "database_name"
      ],
      "title": "QueryRequest",
      "type": "object"
    },
    "annotations": {
      "readOnlyHint": false,
      "destructiveHint": true,
      "idempotentHint": false,
      "openWorldHint": true
    }
  }
]
